src/components/Header.tsx(2,29): error TS2305: Module '"react-router-dom"' has no exported member 'useNavigate'.
src/components/Header.tsx(3,59): error TS2792: Cannot find module 'lucide-react'. Did you mean to set the 'moduleResolution' option to 'nodenext', or to add aliases to the 'paths' option?
src/components/Header.tsx(28,7): error TS2339: Property 'header' does not exist on type 'JSX.IntrinsicElements'.
src/components/Header.tsx(35,9): error TS2339: Property 'div' does not exist on type 'JSX.IntrinsicElements'.
src/components/Header.tsx(36,11): error TS2339: Property 'div' does not exist on type 'JSX.IntrinsicElements'.
src/components/Header.tsx(40,15): error TS2339: Property 'img' does not exist on type 'JSX.IntrinsicElements'.
src/components/Header.tsx(50,13): error TS2339: Property 'nav' does not exist on type 'JSX.IntrinsicElements'.
src/components/Header.tsx(62,19): error TS2339: Property 'span' does not exist on type 'JSX.IntrinsicElements'.
src/components/Header.tsx(67,13): error TS2339: Property 'nav' does not exist on type 'JSX.IntrinsicElements'.
src/components/Header.tsx(70,13): error TS2339: Property 'div' does not exist on type 'JSX.IntrinsicElements'.
src/components/Header.tsx(71,15): error TS2339: Property 'button' does not exist on type 'JSX.IntrinsicElements'.
src/components/Header.tsx(76,17): error TS2339: Property 'span' does not exist on type 'JSX.IntrinsicElements'.
src/components/Header.tsx(76,87): error TS2339: Property 'span' does not exist on type 'JSX.IntrinsicElements'.
src/components/Header.tsx(77,15): error TS2339: Property 'button' does not exist on type 'JSX.IntrinsicElements'.
src/components/Header.tsx(79,15): error TS2339: Property 'button' does not exist on type 'JSX.IntrinsicElements'.
src/components/Header.tsx(90,15): error TS2339: Property 'button' does not exist on type 'JSX.IntrinsicElements'.
src/components/Header.tsx(91,13): error TS2339: Property 'div' does not exist on type 'JSX.IntrinsicElements'.
src/components/Header.tsx(94,13): error TS2339: Property 'button' does not exist on type 'JSX.IntrinsicElements'.
src/components/Header.tsx(98,15): error TS2339: Property 'div' does not exist on type 'JSX.IntrinsicElements'.
src/components/Header.tsx(99,17): error TS2339: Property 'div' does not exist on type 'JSX.IntrinsicElements'.
src/components/Header.tsx(100,17): error TS2339: Property 'div' does not exist on type 'JSX.IntrinsicElements'.
src/components/Header.tsx(101,15): error TS2339: Property 'div' does not exist on type 'JSX.IntrinsicElements'.
src/components/Header.tsx(102,13): error TS2339: Property 'button' does not exist on type 'JSX.IntrinsicElements'.
src/components/Header.tsx(103,11): error TS2339: Property 'div' does not exist on type 'JSX.IntrinsicElements'.
src/components/Header.tsx(104,9): error TS2339: Property 'div' does not exist on type 'JSX.IntrinsicElements'.
src/components/Header.tsx(105,7): error TS2339: Property 'header' does not exist on type 'JSX.IntrinsicElements'.
src/components/Header.tsx(108,7): error TS2339: Property 'div' does not exist on type 'JSX.IntrinsicElements'.
src/components/Header.tsx(113,9): error TS2339: Property 'div' does not exist on type 'JSX.IntrinsicElements'.
src/components/Header.tsx(114,11): error TS2339: Property 'div' does not exist on type 'JSX.IntrinsicElements'.
src/components/Header.tsx(115,13): error TS2339: Property 'img' does not exist on type 'JSX.IntrinsicElements'.
src/components/Header.tsx(116,13): error TS2339: Property 'button' does not exist on type 'JSX.IntrinsicElements'.
src/components/Header.tsx(118,13): error TS2339: Property 'button' does not exist on type 'JSX.IntrinsicElements'.
src/components/Header.tsx(119,11): error TS2339: Property 'div' does not exist on type 'JSX.IntrinsicElements'.
src/components/Header.tsx(121,11): error TS2339: Property 'nav' does not exist on type 'JSX.IntrinsicElements'.
src/components/Header.tsx(133,11): error TS2339: Property 'nav' does not exist on type 'JSX.IntrinsicElements'.
src/components/Header.tsx(135,11): error TS2339: Property 'div' does not exist on type 'JSX.IntrinsicElements'.
src/components/Header.tsx(136,13): error TS2339: Property 'div' does not exist on type 'JSX.IntrinsicElements'.
src/components/Header.tsx(137,13): error TS2339: Property 'button' does not exist on type 'JSX.IntrinsicElements'.
src/components/Header.tsx(142,13): error TS2339: Property 'button' does not exist on type 'JSX.IntrinsicElements'.
src/components/Header.tsx(143,13): error TS2339: Property 'div' does not exist on type 'JSX.IntrinsicElements'.
src/components/Header.tsx(144,15): error TS2339: Property 'span' does not exist on type 'JSX.IntrinsicElements'.
src/components/Header.tsx(144,34): error TS2339: Property 'span' does not exist on type 'JSX.IntrinsicElements'.
src/components/Header.tsx(146,15): error TS2339: Property 'span' does not exist on type 'JSX.IntrinsicElements'.
src/components/Header.tsx(146,30): error TS2339: Property 'span' does not exist on type 'JSX.IntrinsicElements'.
src/components/Header.tsx(147,13): error TS2339: Property 'div' does not exist on type 'JSX.IntrinsicElements'.
src/components/Header.tsx(148,11): error TS2339: Property 'div' does not exist on type 'JSX.IntrinsicElements'.
src/components/Header.tsx(149,9): error TS2339: Property 'div' does not exist on type 'JSX.IntrinsicElements'.
src/components/Header.tsx(150,7): error TS2339: Property 'div' does not exist on type 'JSX.IntrinsicElements'.
